2025-11-18 10:06:38, MOVE, v:1, k:poo@budega, mode:PICK
2025-11-18 10:06:44, EXEC, v:1, k:poo@budega, mode:FULL, rate:100
2025-11-18 10:09:41, MOVE, v:1, k:poo@budega, mode:BACK
2025-11-18 10:09:45, MOVE, v:1, k:poo@lapiseira, mode:PICK
2025-11-18 10:09:50, EXEC, v:1, k:poo@lapiseira, mode:FULL, rate:0
2025-11-18 10:09:52, EXEC, v:1, k:poo@lapiseira, mode:FULL, rate:0
2025-11-18 10:09:53, EXEC, v:1, k:poo@lapiseira, mode:FULL, rate:0
2025-11-18 10:09:54, EXEC, v:1, k:poo@lapiseira, mode:FULL, rate:0
2025-11-18 10:09:55, EXEC, v:1, k:poo@lapiseira, mode:FULL, rate:0
2025-11-18 10:09:56, EXEC, v:1, k:poo@lapiseira, mode:FULL, rate:0
2025-11-18 10:09:57, EXEC, v:1, k:poo@lapiseira, mode:FULL, rate:0
2025-11-18 10:09:58, EXEC, v:1, k:poo@lapiseira, mode:FULL, rate:0
2025-11-18 10:13:35, EXEC, v:1, k:poo@lapiseira, mode:FULL, rate:0
2025-11-18 10:22:23, EXEC, v:1, k:poo@lapiseira, mode:FULL, rate:0, size:17
2025-11-18 10:30:23, EXEC, v:1, k:poo@lapiseira, mode:FULL, rate:0, size:13
2025-11-18 10:46:06, EXEC, v:1, k:poo@lapiseira, mode:FULL, rate:0, size:2
2025-11-18 11:02:56, EXEC, v:1, k:poo@lapiseira, mode:FULL, rate:0
2025-11-18 15:40:56, MOVE, v:1, k:poo@lapiseira, mode:PICK
2025-11-18 15:41:01, EXEC, v:1, k:poo@lapiseira, mode:FULL, rate:0
2025-11-18 15:41:03, EXEC, v:1, k:poo@lapiseira, mode:FULL, rate:0
2025-11-18 15:41:05, EXEC, v:1, k:poo@lapiseira, mode:FULL, rate:0
2025-11-18 15:41:05, EXEC, v:1, k:poo@lapiseira, mode:FULL, rate:0
