2025-11-15 14:33:18, EXEC, v:1, k:poo@array, mode:LOCK, rate:100
2025-11-15 15:36:12, EXEC, v:1, k:poo@array, mode:LOCK, rate:100
2025-11-15 15:37:12, EXEC, v:1, k:poo@array, mode:LOCK, rate:0, size:8
2025-11-15 15:45:46, EXEC, v:1, k:poo@array, mode:LOCK, rate:0
2025-11-15 15:45:47, EXEC, v:1, k:poo@array, mode:LOCK, rate:0
2025-11-15 15:45:48, EXEC, v:1, k:poo@array, mode:LOCK, rate:0
2025-11-15 15:46:23, EXEC, v:1, k:poo@array, mode:LOCK, rate:0, size:20
2025-11-15 15:46:30, EXEC, v:1, k:poo@array, mode:FREE
2025-11-15 15:46:45, EXEC, v:1, k:poo@array, mode:LOCK, rate:0
2025-11-15 15:46:46, EXEC, v:1, k:poo@array, mode:LOCK, rate:0
2025-11-15 15:46:46, EXEC, v:1, k:poo@array, mode:LOCK, rate:0
2025-11-15 17:06:19, EXEC, v:1, k:poo@array, mode:LOCK, rate:0, size:151
2025-11-15 17:10:59, EXEC, v:1, k:poo@array, mode:LOCK, rate:0
2025-11-15 17:11:04, EXEC, v:1, k:poo@array, mode:LOCK, rate:0, size:149
2025-11-15 17:11:24, MOVE, v:1, k:poo@array, mode:BACK
2025-11-15 17:11:29, MOVE, v:1, k:poo@budega, mode:DOWN
2025-11-15 17:11:31, MOVE, v:1, k:poo@budega, mode:PICK
2025-11-15 17:13:47, EXEC, v:1, k:poo@budega, mode:FULL, rate:0, size:0
2025-11-15 17:36:03, EXEC, v:1, k:poo@budega, mode:FULL, rate:0, size:21
2025-11-15 17:40:55, EXEC, v:1, k:poo@budega, mode:FULL, rate:0, size:24
2025-11-15 17:55:30, EXEC, v:1, k:poo@budega, mode:FULL, rate:0, size:39
2025-11-15 17:55:44, EXEC, v:1, k:poo@budega, mode:FULL, rate:0, size:39
