2025-11-19 00:01:32, EXEC, v:1, k:poo@pula-pula, mode:FULL, rate:0
2025-11-19 00:01:38, MOVE, v:1, k:poo@pula-pula, mode:BACK
2025-11-19 00:01:48, MOVE, v:1, k:poo@pula-pula, mode:PICK
2025-11-19 00:01:55, EXEC, v:1, k:poo@pula-pula, mode:FULL, rate:0, size:11
2025-11-19 00:06:52, EXEC, v:1, k:poo@pula-pula, mode:FULL, rate:0
2025-11-19 00:06:55, MOVE, v:1, k:poo@pula-pula, mode:BACK
2025-11-19 06:34:19, MOVE, v:1, k:poo@pula-pula, mode:PICK
2025-11-19 06:34:22, EXEC, v:1, k:poo@pula-pula, mode:FULL, rate:0
2025-11-19 06:45:21, EXEC, v:1, k:poo@pula-pula, mode:FULL, rate:0
2025-11-19 06:51:09, EXEC, v:1, k:poo@pula-pula, mode:FULL, rate:0
2025-11-19 07:06:49, EXEC, v:1, k:poo@pula-pula, mode:FULL, rate:0
2025-11-19 07:06:49, EXEC, v:1, k:poo@pula-pula, mode:FULL, rate:0
2025-11-19 07:06:49, EXEC, v:1, k:poo@pula-pula, mode:FULL, rate:0
2025-11-19 07:21:21, EXEC, v:1, k:poo@pula-pula, mode:FULL, rate:0
2025-11-19 07:21:21, EXEC, v:1, k:poo@pula-pula, mode:FULL, rate:0
2025-11-19 07:21:22, EXEC, v:1, k:poo@pula-pula, mode:FULL, rate:0
2025-11-19 07:21:22, EXEC, v:1, k:poo@pula-pula, mode:FULL, rate:0
2025-11-19 07:21:22, EXEC, v:1, k:poo@pula-pula, mode:FULL, rate:0
2025-11-19 07:21:23, MOVE, v:1, k:poo@pula-pula, mode:BACK
2025-11-19 08:05:09, MOVE, v:1, k:poo@pula-pula, mode:PICK
2025-11-19 08:05:10, EXEC, v:1, k:poo@pula-pula, mode:FULL, rate:0
2025-11-19 08:05:12, MOVE, v:1, k:poo@pula-pula, mode:BACK
2025-11-19 08:05:14, MOVE, v:1, k:poo@pula-pula, mode:PICK
2025-11-19 08:05:24, EXEC, v:1, k:poo@pula-pula, mode:FULL, rate:0, size:11
2025-11-19 08:07:31, MOVE, v:1, k:poo@pula-pula, mode:BACK
2025-11-19 08:08:40, MOVE, v:1, k:poo@pula-pula, mode:PICK
2025-11-19 08:08:41, EXEC, v:1, k:poo@pula-pula, mode:FULL, rate:0
2025-11-19 08:13:03, MOVE, v:1, k:poo@pula-pula, mode:BACK
2025-11-19 08:13:17, MOVE, v:1, k:poo@pula-pula, mode:PICK
2025-11-19 08:13:18, EXEC, v:1, k:poo@pula-pula, mode:FULL, rate:0
2025-11-19 08:14:11, EXEC, v:1, k:poo@pula-pula, mode:FULL, rate:0
2025-11-19 08:14:15, EXEC, v:1, k:poo@pula-pula, mode:FULL, rate:0, size:10
2025-11-19 08:14:59, EXEC, v:1, k:poo@pula-pula, mode:FULL, rate:0
2025-11-19 08:26:21, EXEC, v:1, k:poo@pula-pula, mode:FULL, rate:0, size:21
2025-11-19 08:26:29, EXEC, v:1, k:poo@pula-pula, mode:FULL, rate:0
2025-11-19 08:29:49, EXEC, v:1, k:poo@pula-pula, mode:FULL, rate:0
2025-11-19 08:29:49, EXEC, v:1, k:poo@pula-pula, mode:FULL, rate:0
2025-11-19 08:29:50, EXEC, v:1, k:poo@pula-pula, mode:FULL, rate:0
2025-11-19 08:34:54, EXEC, v:1, k:poo@pula-pula, mode:FULL, rate:0, size:21
2025-11-19 08:36:28, EXEC, v:1, k:poo@pula-pula, mode:FULL, rate:0
2025-11-19 08:40:03, EXEC, v:1, k:poo@pula-pula, mode:FULL, rate:0, size:27
2025-11-19 08:47:56, EXEC, v:1, k:poo@pula-pula, mode:FULL, rate:0
2025-11-19 09:00:52, EXEC, v:1, k:poo@pula-pula, mode:FULL, rate:0, size:32
2025-11-19 09:00:54, MOVE, v:1, k:poo@pula-pula, mode:BACK
2025-11-19 09:00:58, MOVE, v:1, k:poo@pula-pula, mode:PICK
2025-11-19 09:00:59, EXEC, v:1, k:poo@pula-pula, mode:FULL, rate:0
2025-11-19 09:01:02, EXEC, v:1, k:poo@pula-pula, mode:FULL, rate:0
2025-11-19 09:08:49, EXEC, v:1, k:poo@pula-pula, mode:FULL, rate:0, size:56
2025-11-19 09:08:53, EXEC, v:1, k:poo@pula-pula, mode:FULL, rate:0
2025-11-19 09:11:18, EXEC, v:1, k:poo@pula-pula, mode:FULL, rate:0, size:79
2025-11-19 09:11:22, EXEC, v:1, k:poo@pula-pula, mode:FULL, rate:0
2025-11-19 09:11:40, EXEC, v:1, k:poo@pula-pula, mode:FULL, rate:0
2025-11-19 09:12:34, EXEC, v:1, k:poo@pula-pula, mode:FULL, rate:100, size:79
2025-11-19 09:12:42, MOVE, v:1, k:poo@pula-pula, mode:BACK
2025-11-19 09:13:38, SELF, v:1, k:poo@pula-pula, rate:100, human:2, alone:8, study:180
2025-11-19 09:13:57, SELF, v:1, k:poo@pula-pula, rate:100, human:2, alone:8, study:200
2025-11-19 09:14:01, MOVE, v:1, k:poo@cinema, mode:DOWN
2025-11-19 09:14:03, MOVE, v:1, k:poo@cinema, mode:PICK
2025-11-19 09:14:12, EXEC, v:1, k:poo@cinema, mode:FULL, rate:0, size:0
2025-11-19 09:14:14, EXEC, v:1, k:poo@cinema, mode:FULL, rate:0
2025-11-19 09:15:57, EXEC, v:1, k:poo@cinema, mode:FULL, rate:0
2025-11-19 09:15:58, EXEC, v:1, k:poo@cinema, mode:FULL, rate:0
2025-11-19 09:15:59, EXEC, v:1, k:poo@cinema, mode:FULL, rate:0
2025-11-19 09:16:00, EXEC, v:1, k:poo@cinema, mode:FULL, rate:0
2025-11-19 09:16:07, EXEC, v:1, k:poo@cinema, mode:FULL, rate:0
2025-11-19 09:18:22, EXEC, v:1, k:poo@cinema, mode:FULL, rate:0
2025-11-19 09:24:21, EXEC, v:1, k:poo@cinema, mode:FULL, rate:0
2025-11-19 09:33:35, EXEC, v:1, k:poo@cinema, mode:FULL, rate:0, size:13
2025-11-19 09:45:22, EXEC, v:1, k:poo@cinema, mode:FULL, rate:0, size:0
2025-11-19 09:51:28, EXEC, v:1, k:poo@cinema, mode:FULL, rate:0
2025-11-19 09:51:29, MOVE, v:1, k:poo@cinema, mode:BACK
2025-11-19 09:51:36, MOVE, v:1, k:poo@cinema, mode:PICK
2025-11-19 09:51:38, EXEC, v:1, k:poo@cinema, mode:FULL, rate:0
2025-11-19 09:57:53, EXEC, v:1, k:poo@cinema, mode:FULL, rate:0
2025-11-19 10:01:45, EXEC, v:1, k:poo@cinema, mode:FULL, rate:0, size:1
2025-11-19 10:07:33, EXEC, v:1, k:poo@cinema, mode:FULL, rate:0, size:24
2025-11-19 10:09:03, EXEC, v:1, k:poo@cinema, mode:FULL, rate:0
2025-11-19 10:15:50, EXEC, v:1, k:poo@cinema, mode:FULL, rate:0, size:67
2025-11-19 10:15:52, EXEC, v:1, k:poo@cinema, mode:FULL, rate:0
2025-11-19 10:15:53, EXEC, v:1, k:poo@cinema, mode:FULL, rate:0
2025-11-19 10:15:54, EXEC, v:1, k:poo@cinema, mode:FULL, rate:0
2025-11-19 10:15:55, EXEC, v:1, k:poo@cinema, mode:FULL, rate:0
2025-11-19 10:40:31, EXEC, v:1, k:poo@cinema, mode:FULL, rate:0
2025-11-19 10:50:27, EXEC, v:1, k:poo@cinema, mode:FULL, rate:0
2025-11-19 10:50:28, MOVE, v:1, k:poo@cinema, mode:BACK
2025-11-19 10:50:31, MOVE, v:1, k:poo@cinema, mode:PICK
2025-11-19 10:50:33, EXEC, v:1, k:poo@cinema, mode:FULL, rate:0
2025-11-19 10:59:14, EXEC, v:1, k:poo@cinema, mode:FULL, rate:0
2025-11-19 11:03:22, EXEC, v:1, k:poo@cinema, mode:FULL, rate:0
2025-11-19 11:04:24, EXEC, v:1, k:poo@cinema, mode:FULL, rate:0
2025-11-19 11:04:30, EXEC, v:1, k:poo@cinema, mode:FULL, rate:0, size:89
2025-11-19 11:04:35, EXEC, v:1, k:poo@cinema, mode:FULL, rate:0
2025-11-19 11:17:38, MOVE, v:1, k:poo@array, mode:PICK
2025-11-19 11:17:41, EXEC, v:1, k:poo@array, mode:LOCK, rate:0
2025-11-19 11:20:03, EXEC, v:1, k:poo@array, mode:LOCK, rate:0, size:108
2025-11-19 11:22:32, EXEC, v:1, k:poo@array, mode:LOCK, rate:0
2025-11-19 11:23:06, EXEC, v:1, k:poo@array, mode:LOCK, rate:0, size:107
2025-11-19 11:27:50, EXEC, v:1, k:poo@array, mode:LOCK, rate:0, size:108
2025-11-19 11:29:39, EXEC, v:1, k:poo@array, mode:LOCK, rate:0
2025-11-19 11:30:03, EXEC, v:1, k:poo@array, mode:LOCK, rate:0, size:108
2025-11-19 11:35:56, EXEC, v:1, k:poo@array, mode:LOCK, rate:0
2025-11-19 11:40:16, EXEC, v:1, k:poo@array, mode:LOCK, rate:0
2025-11-19 11:41:20, EXEC, v:1, k:poo@array, mode:LOCK, rate:0
2025-11-19 11:43:34, EXEC, v:1, k:poo@array, mode:LOCK, rate:0
2025-11-19 11:43:35, MOVE, v:1, k:poo@array, mode:BACK
2025-11-19 14:20:48, MOVE, v:1, k:poo@array, mode:PICK
2025-11-19 14:20:49, EXEC, v:1, k:poo@array, mode:LOCK, rate:0
2025-11-19 14:20:50, EXEC, v:1, k:poo@array, mode:LOCK, rate:0
2025-11-19 14:31:45, EXEC, v:1, k:poo@array, mode:LOCK, rate:0
2025-11-19 14:31:47, MOVE, v:1, k:poo@array, mode:BACK
2025-11-19 14:31:49, MOVE, v:1, k:poo@array, mode:PICK
2025-11-19 14:31:50, EXEC, v:1, k:poo@array, mode:LOCK, rate:0
2025-11-19 14:31:50, EXEC, v:1, k:poo@array, mode:LOCK, rate:0
2025-11-19 14:31:51, EXEC, v:1, k:poo@array, mode:LOCK, rate:0
2025-11-19 14:31:51, EXEC, v:1, k:poo@array, mode:LOCK, rate:0
2025-11-19 14:31:51, EXEC, v:1, k:poo@array, mode:LOCK, rate:0
2025-11-19 14:31:51, EXEC, v:1, k:poo@array, mode:LOCK, rate:0
2025-11-19 14:31:51, EXEC, v:1, k:poo@array, mode:LOCK, rate:0
2025-11-19 14:31:52, EXEC, v:1, k:poo@array, mode:LOCK, rate:0
2025-11-19 14:31:52, EXEC, v:1, k:poo@array, mode:LOCK, rate:0
2025-11-19 14:33:24, EXEC, v:1, k:poo@array, mode:LOCK, rate:0, size:108
2025-11-19 15:29:52, EXEC, v:1, k:poo@array, mode:LOCK, rate:0
2025-11-19 15:29:52, MOVE, v:1, k:poo@array, mode:BACK
2025-11-19 15:29:55, MOVE, v:1, k:poo@array, mode:PICK
2025-11-19 15:29:56, EXEC, v:1, k:poo@array, mode:LOCK, rate:0
2025-11-19 16:00:26, EXEC, v:1, k:poo@array, mode:LOCK, rate:0
2025-11-19 16:00:26, EXEC, v:1, k:poo@array, mode:LOCK, rate:0
2025-11-19 16:00:26, EXEC, v:1, k:poo@array, mode:LOCK, rate:0
2025-11-19 16:00:26, EXEC, v:1, k:poo@array, mode:LOCK, rate:0
2025-11-19 16:00:27, MOVE, v:1, k:poo@array, mode:BACK
2025-11-19 16:00:33, MOVE, v:1, k:poo@array, mode:PICK
2025-11-19 16:00:34, EXEC, v:1, k:poo@array, mode:LOCK, rate:0
2025-11-19 16:00:35, EXEC, v:1, k:poo@array, mode:LOCK, rate:0
2025-11-19 16:00:46, EXEC, v:1, k:poo@array, mode:LOCK, rate:0, size:108
2025-11-19 16:00:52, EXEC, v:1, k:poo@array, mode:LOCK, rate:0, size:108
2025-11-19 16:08:46, MOVE, v:1, k:poo@array, mode:BACK
2025-11-19 16:09:18, MOVE, v:1, k:poo@pula-pula, mode:PICK
2025-11-19 16:09:20, EXEC, v:1, k:poo@pula-pula, mode:FULL, rate:100
2025-11-19 16:09:22, EXEC, v:1, k:poo@pula-pula, mode:FULL, rate:100
2025-11-19 16:09:23, EXEC, v:1, k:poo@pula-pula, mode:FULL, rate:100
2025-11-19 16:09:25, MOVE, v:1, k:poo@pula-pula, mode:BACK
2025-11-19 16:09:38, MOVE, v:1, k:poo@cinema, mode:PICK
2025-11-19 16:09:39, EXEC, v:1, k:poo@cinema, mode:FULL, rate:0
2025-11-19 16:09:40, EXEC, v:1, k:poo@cinema, mode:FULL, rate:0
2025-11-19 16:09:47, MOVE, v:1, k:poo@cinema, mode:BACK
2025-11-19 16:09:49, MOVE, v:1, k:poo@cinema, mode:PICK
2025-11-19 16:19:37, EXEC, v:1, k:poo@cinema, mode:FULL, rate:0
2025-11-19 16:20:00, EXEC, v:1, k:poo@cinema, mode:FULL, rate:0
2025-11-19 16:20:11, EXEC, v:1, k:poo@cinema, mode:FULL, rate:0, size:89
2025-11-19 16:21:35, EXEC, v:1, k:poo@cinema, mode:FULL, rate:0
2025-11-19 16:21:35, EXEC, v:1, k:poo@cinema, mode:FULL, rate:0
2025-11-19 18:58:55, EXEC, v:1, k:poo@cinema, mode:FULL, rate:0
2025-11-19 18:58:57, EXEC, v:1, k:poo@cinema, mode:FULL, rate:0
2025-11-19 18:58:57, EXEC, v:1, k:poo@cinema, mode:FULL, rate:0
2025-11-19 18:58:57, EXEC, v:1, k:poo@cinema, mode:FULL, rate:0
2025-11-19 18:58:58, EXEC, v:1, k:poo@cinema, mode:FULL, rate:0
2025-11-19 18:58:59, MOVE, v:1, k:poo@cinema, mode:BACK
2025-11-19 18:59:11, MOVE, v:1, k:poo@cinema, mode:PICK
2025-11-19 18:59:12, EXEC, v:1, k:poo@cinema, mode:FULL, rate:0
2025-11-19 18:59:12, EXEC, v:1, k:poo@cinema, mode:FULL, rate:0
2025-11-19 18:59:13, EXEC, v:1, k:poo@cinema, mode:FULL, rate:0
2025-11-19 19:32:56, MOVE, v:1, k:poo@cinema, mode:PICK
2025-11-19 19:32:57, EXEC, v:1, k:poo@cinema, mode:FULL, rate:0
2025-11-19 19:36:03, EXEC, v:1, k:poo@cinema, mode:FULL, rate:100, size:89
2025-11-19 19:36:25, MOVE, v:1, k:poo@cinema, mode:BACK
2025-11-19 19:36:30, MOVE, v:1, k:poo@cinema, mode:PICK
2025-11-19 19:36:31, EXEC, v:1, k:poo@cinema, mode:FULL, rate:100
2025-11-19 19:36:43, EXEC, v:1, k:poo@cinema, mode:FULL, rate:88, size:89
2025-11-19 19:38:06, EXEC, v:1, k:poo@cinema, mode:FULL, rate:100, size:89
2025-11-19 19:39:14, EXEC, v:1, k:poo@cinema, mode:FULL, rate:88, size:89
2025-11-19 19:53:03, EXEC, v:1, k:poo@cinema, mode:FULL, rate:88
2025-11-19 19:57:44, EXEC, v:1, k:poo@cinema, mode:FULL, rate:88
2025-11-19 19:57:45, MOVE, v:1, k:poo@cinema, mode:BACK
2025-11-19 19:57:55, MOVE, v:1, k:poo@cinema, mode:PICK
2025-11-19 19:57:57, EXEC, v:1, k:poo@cinema, mode:FULL, rate:88
2025-11-19 19:58:09, EXEC, v:1, k:poo@cinema, mode:FULL, rate:100, size:89
2025-11-19 19:58:12, EXEC, v:1, k:poo@cinema, mode:FULL, rate:100
2025-11-19 19:58:18, EXEC, v:1, k:poo@cinema, mode:FULL, rate:100
2025-11-19 19:58:18, EXEC, v:1, k:poo@cinema, mode:FULL, rate:100
2025-11-19 19:58:23, MOVE, v:1, k:poo@cinema, mode:BACK
2025-11-19 19:59:25, SELF, v:1, k:poo@cinema, rate:100, human:2, alone:9, study:195
2025-11-19 19:59:32, MOVE, v:1, k:poo@junkfood, mode:DOWN
2025-11-19 19:59:33, MOVE, v:1, k:poo@junkfood, mode:PICK
2025-11-19 19:59:34, EXEC, v:1, k:poo@junkfood, mode:FULL, rate:0, size:0
2025-11-19 19:59:37, EXEC, v:1, k:poo@junkfood, mode:FULL, rate:0
2025-11-19 20:00:47, EXEC, v:1, k:poo@junkfood, mode:FULL, rate:0
2025-11-19 20:00:51, EXEC, v:1, k:poo@junkfood, mode:FULL, rate:0
2025-11-19 20:15:14, EXEC, v:1, k:poo@junkfood, mode:FULL, rate:0
2025-11-19 20:15:15, MOVE, v:1, k:poo@junkfood, mode:BACK
2025-11-19 20:19:30, MOVE, v:1, k:poo@junkfood, mode:PICK
2025-11-19 20:19:31, EXEC, v:1, k:poo@junkfood, mode:FULL, rate:0
2025-11-19 20:19:39, EXEC, v:1, k:poo@junkfood, mode:FULL, rate:0, size:25
2025-11-19 20:20:20, EXEC, v:1, k:poo@junkfood, mode:FULL, rate:0
2025-11-19 20:20:21, EXEC, v:1, k:poo@junkfood, mode:FULL, rate:0
2025-11-19 20:38:58, EXEC, v:1, k:poo@junkfood, mode:FULL, rate:0
2025-11-19 20:39:01, EXEC, v:1, k:poo@junkfood, mode:FULL, rate:0
2025-11-19 20:39:01, EXEC, v:1, k:poo@junkfood, mode:FULL, rate:0
2025-11-19 20:39:02, EXEC, v:1, k:poo@junkfood, mode:FULL, rate:0
2025-11-19 20:39:02, EXEC, v:1, k:poo@junkfood, mode:FULL, rate:0
2025-11-19 23:56:47, EXEC, v:1, k:poo@junkfood, mode:FULL, rate:0
2025-11-19 23:56:48, MOVE, v:1, k:poo@junkfood, mode:BACK
2025-11-19 23:57:06, MOVE, v:1, k:poo@tabuleiro, mode:DOWN
2025-11-19 23:57:06, MOVE, v:1, k:poo@tabuleiro, mode:PICK
2025-11-19 23:57:08, MOVE, v:1, k:poo@tabuleiro, mode:BACK
